Running phase: unpackPhase
@nix { "action": "setPhase", "phase": "unpackPhase" }
unpacking source archive /nix/store/aaddq7wq1a432w6isdf5hwylc2m8llk3-source
source root is source
Running phase: patchPhase
@nix { "action": "setPhase", "phase": "patchPhase" }
patching script interpreter paths in .
Running phase: bunSetInstallCacheDirPhase
@nix { "action": "setPhase", "phase": "bunSetInstallCacheDirPhase" }
Using bun root: "/build/source"
Running phase: updateAutotoolsGnuConfigScriptsPhase
@nix { "action": "setPhase", "phase": "updateAutotoolsGnuConfigScriptsPhase" }
Running phase: configurePhase
@nix { "action": "setPhase", "phase": "configurePhase" }
no configure script, doing nothing
Running phase: bunNodeModulesInstallPhase
@nix { "action": "setPhase", "phase": "bunNodeModulesInstallPhase" }
/build/source /build/source
bun install flags: --linker=isolated --ignore-scripts
[0m[1mbun install [0m[2mv1.3.11 (af24e281)[0m

[0m[32m+[0m [1m@types/bun[0m[2m@1.3.11[0m
[0m[32m+[0m [1m@types/react[0m[2m@18.3.28[0m
[0m[32m+[0m [1m@types/react-dom[0m[2m@18.3.7[0m
[0m[32m+[0m [1m@vitejs/plugin-react[0m[2m@4.7.0[0m
[0m[32m+[0m [1mautoprefixer[0m[2m@10.4.27[0m
[0m[32m+[0m [1mbun2nix[0m[2m@2.0.8[0m
[0m[32m+[0m [1mconcurrently[0m[2m@9.2.1[0m
[0m[32m+[0m [1mpostcss[0m[2m@8.5.8[0m
[0m[32m+[0m [1mtypescript[0m[2m@5.9.3[0m
[0m[32m+[0m [1mvite[0m[2m@6.4.1[0m
[0m[32m+[0m [1m@tursodatabase/database[0m[2m@0.5.2[0m
[0m[32m+[0m [1melectrobun[0m[2m@1.16.0[0m
[0m[32m+[0m [1mreact[0m[2m@18.3.1[0m
[0m[32m+[0m [1mreact-dom[0m[2m@18.3.1[0m

[32m300[0m packages[0m installed [0m[2m[[1m258.00ms[0m[2m][0m[0m
/build/source
Running phase: bunLifecycleScriptsPhase
@nix { "action": "setPhase", "phase": "bunLifecycleScriptsPhase" }
/build/source /build/source
bun lifecycle install flags: --linker=isolated
[0m[1mbun install [0m[2mv1.3.11 (af24e281)[0m

[0m[2m[35m$[0m [2m[1mbunx bun2nix -o bun.nix[0m

Checked [32m151 installs[0m across 203 packages [2m(no changes)[0m [0m[2m[[1m40.00ms[0m[2m][0m[0m
/build/source
Running phase: buildPhase
@nix { "action": "setPhase", "phase": "buildPhase" }
qt.qpa.xcb: could not connect to display 
qt.qpa.plugin: Could not load the Qt platform plugin "xcb" in "" even though it was found.
This application failed to start because no Qt platform plugin could be initialized. Reinstalling the application may fix this problem.

Available platform plugins are: wayland-egl, wayland, wayland-xcomposite-egl, wayland-xcomposite-glx, eglfs, linuxfb, minimal, minimalegl, offscreen, vnc, xcb.

/nix/store/gvq9hvvnmkvrk27mba0jjjppj068z55x-stdenv-linux/setup: line 1770:   183 Aborted                    (core dumped) vite build
